// Jest Snapshot v1, https://goo.gl/fbAQLP

exports[`Principal it renders the component 1`] = `
<div class="container">
  <div class="container subprincipal">
    <h1>Subprincipal</h1> <img src="https://picsum.photos/200/300" alt="Imagen random">
    <div class="container worker"><input type="text" placeholder="Introduzca texto" name=""> <button>Enviar</button></div>
  </div>
</div>
`;
