// Jest Snapshot v1, https://goo.gl/fbAQLP

exports[`Worker Should render it 1`] = `<div class="container worker"><input type="text" placeholder="Introduzca texto" name=""> <button>Enviar</button></div>`;
